// Jest Snapshot v1, https://goo.gl/fbAQLP

exports[`Matches snapshot 1`] = `
<DocumentFragment>
  <div
    class="spacex-loader spacex-loader--wrapper"
  >
    <div
      class="spacex-loader--container"
    />
  </div>
</DocumentFragment>
`;
